scons: Reading SConscript files ...

 NAME  crc_cpu_detect 
 HDRS  "internal/cpu_detect.h" 
 SRCS  "internal/cpu_detect.cc" 
 COPTS  ${ABSL_DEFAULT_COPTS} 
 DEPS  absl::base absl::config 
 NAME  crc_internal 
 HDRS  "internal/crc.h" "internal/crc32_x86_arm_combined_simd.h" 
 SRCS  "internal/crc.cc" "internal/crc_internal.h" "internal/crc_x86_arm_combined.cc" 
 COPTS  ${ABSL_DEFAULT_COPTS} 
 DEPS  absl::crc_cpu_detect absl::config absl::core_headers absl::endian absl::prefetch absl::raw_logging_internal absl::memory absl::bits 
 NAME  crc32c 
 HDRS  "crc32c.h" "internal/crc32c.h" "internal/crc_memcpy.h" 
 SRCS  "crc32c.cc" "internal/crc32c_inline.h" "internal/crc_memcpy_fallback.cc" "internal/crc_memcpy_x86_arm_combined.cc" "internal/crc_non_temporal_memcpy.cc" 
 COPTS  ${ABSL_DEFAULT_COPTS} 
 DEPS  absl::crc_cpu_detect absl::crc_internal absl::non_temporal_memcpy absl::config absl::core_headers absl::endian absl::prefetch absl::str_format absl::strings 
 NAME  non_temporal_arm_intrinsics 
 HDRS  "internal/non_temporal_arm_intrinsics.h" 
 COPTS  ${ABSL_DEFAULT_COPTS} 
 DEPS  absl::config 
 NAME  non_temporal_memcpy 
 HDRS  "internal/non_temporal_memcpy.h" 
 COPTS  ${ABSL_DEFAULT_COPTS} 
 DEPS  absl::non_temporal_arm_intrinsics absl::config absl::core_headers 
 NAME  crc_cord_state 
 HDRS  "internal/crc_cord_state.h" 
 SRCS  "internal/crc_cord_state.cc" 
 COPTS  ${ABSL_DEFAULT_COPTS} 
 DEPS  absl::crc32c absl::config absl::strings absl::no_destructor 
 NAME  cleanup_internal 
 HDRS  "internal/cleanup.h" 
 COPTS  ${ABSL_DEFAULT_COPTS} 
 DEPS  absl::base_internal absl::core_headers absl::utility 
 PUBLIC  
 NAME  cleanup 
 HDRS  "cleanup.h" 
 COPTS  ${ABSL_DEFAULT_COPTS} 
 DEPS  absl::cleanup_internal absl::config absl::core_headers 
 PUBLIC  
 NAME  random_random 
 HDRS  "random.h" 
 COPTS  ${ABSL_DEFAULT_COPTS} 
 LINKOPTS  ${ABSL_DEFAULT_LINKOPTS} 
 DEPS  absl::random_distributions absl::random_internal_nonsecure_base absl::random_internal_pcg_engine absl::random_internal_pool_urbg absl::random_internal_randen_engine absl::random_seed_sequences 
 NAME  random_bit_gen_ref 
 HDRS  "bit_gen_ref.h" 
 COPTS  ${ABSL_DEFAULT_COPTS} 
 LINKOPTS  ${ABSL_DEFAULT_LINKOPTS} 
 DEPS  absl::config absl::core_headers absl::random_internal_distribution_caller absl::random_internal_fast_uniform_bits absl::type_traits 
 NAME  random_internal_mock_helpers 
 HDRS  "internal/mock_helpers.h" 
 COPTS  ${ABSL_DEFAULT_COPTS} 
 LINKOPTS  ${ABSL_DEFAULT_LINKOPTS} 
 DEPS  absl::config absl::fast_type_id absl::optional 
 NAME  random_internal_mock_overload_set 
 HDRS  "internal/mock_overload_set.h" 
 COPTS  ${ABSL_DEFAULT_COPTS} 
 LINKOPTS  ${ABSL_DEFAULT_LINKOPTS} 
 DEPS  absl::config absl::random_mocking_bit_gen absl::random_internal_mock_helpers 
 TESTONLY  
 NAME  random_mocking_bit_gen 
 HDRS  "mock_distributions.h" "mocking_bit_gen.h" 
 COPTS  ${ABSL_DEFAULT_COPTS} 
 LINKOPTS  ${ABSL_DEFAULT_LINKOPTS} 
 DEPS  absl::config absl::core_headers absl::fast_type_id absl::flat_hash_map absl::raw_logging_internal absl::random_internal_mock_helpers absl::random_random absl::type_traits absl::utility GTest::gmock GTest::gtest 
 PUBLIC  
 TESTONLY  
 NAME  random_distributions 
 SRCS  "discrete_distribution.cc" "gaussian_distribution.cc" 
 HDRS  "bernoulli_distribution.h" "beta_distribution.h" "discrete_distribution.h" "distributions.h" "exponential_distribution.h" "gaussian_distribution.h" "log_uniform_int_distribution.h" "poisson_distribution.h" "uniform_int_distribution.h" "uniform_real_distribution.h" "zipf_distribution.h" 
 COPTS  ${ABSL_DEFAULT_COPTS} 
 LINKOPTS  ${ABSL_DEFAULT_LINKOPTS} 
 DEPS  absl::base_internal absl::config absl::core_headers absl::random_internal_generate_real absl::random_internal_distribution_caller absl::random_internal_fast_uniform_bits absl::random_internal_fastmath absl::random_internal_iostream_state_saver absl::random_internal_traits absl::random_internal_uniform_helper absl::random_internal_wide_multiply absl::strings absl::type_traits 
 NAME  random_seed_gen_exception 
 SRCS  "seed_gen_exception.cc" 
 HDRS  "seed_gen_exception.h" 
 COPTS  ${ABSL_DEFAULT_COPTS} 
 LINKOPTS  ${ABSL_DEFAULT_LINKOPTS} 
 DEPS  absl::config 
 NAME  random_seed_sequences 
 SRCS  "seed_sequences.cc" 
 HDRS  "seed_sequences.h" 
 COPTS  ${ABSL_DEFAULT_COPTS} 
 LINKOPTS  ${ABSL_DEFAULT_LINKOPTS} 
 DEPS  absl::config absl::inlined_vector absl::nullability absl::random_internal_pool_urbg absl::random_internal_salted_seed_seq absl::random_internal_seed_material absl::random_seed_gen_exception absl::span absl::string_view 
 NAME  random_internal_traits 
 HDRS  "internal/traits.h" 
 COPTS  ${ABSL_DEFAULT_COPTS} 
 LINKOPTS  ${ABSL_DEFAULT_LINKOPTS} 
 DEPS  absl::config 
 NAME  random_internal_distribution_caller 
 HDRS  "internal/distribution_caller.h" 
 COPTS  ${ABSL_DEFAULT_COPTS} 
 LINKOPTS  ${ABSL_DEFAULT_LINKOPTS} 
 DEPS  absl::config absl::utility absl::fast_type_id absl::type_traits 
 NAME  random_internal_fast_uniform_bits 
 HDRS  "internal/fast_uniform_bits.h" 
 COPTS  ${ABSL_DEFAULT_COPTS} 
 LINKOPTS  ${ABSL_DEFAULT_LINKOPTS} 
 DEPS  absl::config 
 NAME  random_internal_seed_material 
 SRCS  "internal/seed_material.cc" 
 HDRS  "internal/seed_material.h" 
 COPTS  ${ABSL_DEFAULT_COPTS} 
 LINKOPTS  ${ABSL_DEFAULT_LINKOPTS} $<$<BOOL:${MINGW}>:-lbcrypt> 
 DEPS  absl::core_headers absl::optional absl::random_internal_fast_uniform_bits absl::raw_logging_internal absl::span absl::strings 
 NAME  random_internal_pool_urbg 
 SRCS  "internal/pool_urbg.cc" 
 HDRS  "internal/pool_urbg.h" 
 COPTS  ${ABSL_DEFAULT_COPTS} 
 LINKOPTS  ${ABSL_DEFAULT_LINKOPTS} 
 DEPS  absl::base absl::config absl::core_headers absl::endian absl::random_internal_randen absl::random_internal_seed_material absl::random_internal_traits absl::random_seed_gen_exception absl::raw_logging_internal absl::span 
 NAME  random_internal_explicit_seed_seq 
 HDRS  "internal/random_internal_explicit_seed_seq.h" 
 COPTS  ${ABSL_DEFAULT_COPTS} 
 LINKOPTS  ${ABSL_DEFAULT_LINKOPTS} 
 DEPS  absl::config absl::endian 
 TESTONLY  
 NAME  random_internal_sequence_urbg 
 HDRS  "internal/sequence_urbg.h" 
 COPTS  ${ABSL_DEFAULT_COPTS} 
 LINKOPTS  ${ABSL_DEFAULT_LINKOPTS} 
 DEPS  absl::config 
 TESTONLY  
 NAME  random_internal_salted_seed_seq 
 HDRS  "internal/salted_seed_seq.h" 
 COPTS  ${ABSL_DEFAULT_COPTS} 
 LINKOPTS  ${ABSL_DEFAULT_LINKOPTS} 
 DEPS  absl::inlined_vector absl::optional absl::span absl::random_internal_seed_material absl::type_traits 
 NAME  random_internal_iostream_state_saver 
 HDRS  "internal/iostream_state_saver.h" 
 COPTS  ${ABSL_DEFAULT_COPTS} 
 LINKOPTS  ${ABSL_DEFAULT_LINKOPTS} 
 DEPS  absl::int128 absl::type_traits 
 NAME  random_internal_generate_real 
 HDRS  "internal/generate_real.h" 
 COPTS  ${ABSL_DEFAULT_COPTS} 
 LINKOPTS  ${ABSL_DEFAULT_LINKOPTS} 
 DEPS  absl::bits absl::random_internal_fastmath absl::random_internal_traits absl::type_traits 
 NAME  random_internal_wide_multiply 
 HDRS  "internal/wide_multiply.h" 
 COPTS  ${ABSL_DEFAULT_COPTS} 
 LINKOPTS  ${ABSL_DEFAULT_LINKOPTS} 
 DEPS  absl::bits absl::config absl::int128 
 NAME  random_internal_fastmath 
 HDRS  "internal/fastmath.h" 
 COPTS  ${ABSL_DEFAULT_COPTS} 
 LINKOPTS  ${ABSL_DEFAULT_LINKOPTS} 
 DEPS  absl::bits 
 NAME  random_internal_nonsecure_base 
 HDRS  "internal/nonsecure_base.h" 
 COPTS  ${ABSL_DEFAULT_COPTS} 
 LINKOPTS  ${ABSL_DEFAULT_LINKOPTS} 
 DEPS  absl::core_headers absl::inlined_vector absl::random_internal_pool_urbg absl::random_internal_salted_seed_seq absl::random_internal_seed_material absl::span absl::type_traits 
 NAME  random_internal_pcg_engine 
 HDRS  "internal/pcg_engine.h" 
 COPTS  ${ABSL_DEFAULT_COPTS} 
 LINKOPTS  ${ABSL_DEFAULT_LINKOPTS} 
 DEPS  absl::config absl::int128 absl::random_internal_fastmath absl::random_internal_iostream_state_saver absl::type_traits 
 NAME  random_internal_randen_engine 
 HDRS  "internal/randen_engine.h" 
 COPTS  ${ABSL_DEFAULT_COPTS} 
 LINKOPTS  ${ABSL_DEFAULT_LINKOPTS} 
 DEPS  absl::endian absl::random_internal_iostream_state_saver absl::random_internal_randen absl::raw_logging_internal absl::type_traits 
 NAME  random_internal_platform 
 HDRS  "internal/randen_traits.h" "internal/platform.h" 
 SRCS  "internal/randen_round_keys.cc" 
 COPTS  ${ABSL_DEFAULT_COPTS} 
 LINKOPTS  ${ABSL_DEFAULT_LINKOPTS} 
 DEPS  absl::config 
 NAME  random_internal_randen 
 SRCS  "internal/randen.cc" 
 HDRS  "internal/randen.h" 
 COPTS  ${ABSL_DEFAULT_COPTS} 
 LINKOPTS  ${ABSL_DEFAULT_LINKOPTS} 
 DEPS  absl::random_internal_platform absl::random_internal_randen_hwaes absl::random_internal_randen_slow 
 NAME  random_internal_randen_slow 
 SRCS  "internal/randen_slow.cc" 
 HDRS  "internal/randen_slow.h" 
 COPTS  ${ABSL_DEFAULT_COPTS} 
 LINKOPTS  ${ABSL_DEFAULT_LINKOPTS} 
 DEPS  absl::random_internal_platform absl::config 
 NAME  random_internal_randen_hwaes 
 SRCS  "internal/randen_detect.cc" 
 HDRS  "internal/randen_detect.h" "internal/randen_hwaes.h" 
 COPTS  ${ABSL_DEFAULT_COPTS} ${ABSL_RANDOM_RANDEN_COPTS} 
 LINKOPTS  ${ABSL_DEFAULT_LINKOPTS} 
 DEPS  absl::random_internal_platform absl::random_internal_randen_hwaes_impl absl::config 
 NAME  random_internal_randen_hwaes_impl 
 SRCS  "internal/randen_hwaes.cc" "internal/randen_hwaes.h" 
 COPTS  ${ABSL_DEFAULT_COPTS} ${ABSL_RANDOM_RANDEN_COPTS} 
 LINKOPTS  ${ABSL_DEFAULT_LINKOPTS} 
 DEPS  absl::random_internal_platform absl::config 
 NAME  random_internal_distribution_test_util 
 SRCS  "internal/chi_square.cc" "internal/distribution_test_util.cc" 
 HDRS  "internal/chi_square.h" "internal/distribution_test_util.h" 
 COPTS  ${ABSL_DEFAULT_COPTS} 
 LINKOPTS  ${ABSL_DEFAULT_LINKOPTS} 
 DEPS  absl::config absl::core_headers absl::raw_logging_internal absl::strings absl::str_format absl::span 
 NAME  random_internal_uniform_helper 
 HDRS  "internal/uniform_helper.h" 
 COPTS  ${ABSL_DEFAULT_COPTS} 
 LINKOPTS  ${ABSL_DEFAULT_LINKOPTS} 
 DEPS  absl::config absl::random_internal_traits absl::type_traits 
 NAME  random_internal_mock_validators 
 HDRS  "internal/mock_validators.h" 
 COPTS  ${ABSL_DEFAULT_COPTS} 
 LINKOPTS  ${ABSL_DEFAULT_LINKOPTS} 
 DEPS  absl::random_internal_iostream_state_saver absl::random_internal_uniform_helper absl::config absl::raw_logging_internal absl::strings absl::string_view 
 TESTONLY  
 NAME  type_traits 
 HDRS  "type_traits.h" 
 COPTS  ${ABSL_DEFAULT_COPTS} 
 DEPS  absl::config absl::core_headers 
 PUBLIC  
 NAME  meta 
 COPTS  ${ABSL_DEFAULT_COPTS} 
 DEPS  absl::type_traits 
 PUBLIC  
 NAME  any 
 HDRS  "any.h" 
 COPTS  ${ABSL_DEFAULT_COPTS} 
 DEPS  absl::bad_any_cast absl::config absl::core_headers absl::fast_type_id absl::type_traits absl::utility 
 PUBLIC  
 NAME  bad_any_cast 
 HDRS  "bad_any_cast.h" 
 COPTS  ${ABSL_DEFAULT_COPTS} 
 DEPS  absl::bad_any_cast_impl absl::config 
 PUBLIC  
 NAME  bad_any_cast_impl 
 SRCS  "bad_any_cast.h" "bad_any_cast.cc" 
 COPTS  ${ABSL_DEFAULT_COPTS} 
 DEPS  absl::config absl::raw_logging_internal 
 NAME  span 
 HDRS  "span.h" 
 SRCS  "internal/span.h" 
 COPTS  ${ABSL_DEFAULT_COPTS} 
 DEPS  absl::algorithm absl::config absl::core_headers absl::nullability absl::throw_delegate absl::type_traits 
 PUBLIC  
 NAME  optional 
 HDRS  "optional.h" 
 SRCS  "internal/optional.h" 
 COPTS  ${ABSL_DEFAULT_COPTS} 
 DEPS  absl::bad_optional_access absl::base_internal absl::config absl::core_headers absl::memory absl::nullability absl::type_traits absl::utility 
 PUBLIC  
 NAME  bad_optional_access 
 HDRS  "bad_optional_access.h" 
 SRCS  "bad_optional_access.cc" 
 COPTS  ${ABSL_DEFAULT_COPTS} 
 DEPS  absl::config absl::raw_logging_internal 
 PUBLIC  
 NAME  bad_variant_access 
 HDRS  "bad_variant_access.h" 
 SRCS  "bad_variant_access.cc" 
 COPTS  ${ABSL_DEFAULT_COPTS} 
 DEPS  absl::config absl::raw_logging_internal 
 PUBLIC  
 NAME  variant 
 HDRS  "variant.h" 
 SRCS  "internal/variant.h" 
 COPTS  ${ABSL_DEFAULT_COPTS} 
 DEPS  absl::bad_variant_access absl::base_internal absl::config absl::core_headers absl::type_traits absl::utility 
 PUBLIC  
 NAME  compare 
 HDRS  "compare.h" 
 COPTS  ${ABSL_DEFAULT_COPTS} 
 DEPS  absl::config absl::core_headers absl::type_traits 
 PUBLIC  
 NAME  utility 
 HDRS  "utility.h" 
 COPTS  ${ABSL_DEFAULT_COPTS} 
 DEPS  absl::base_internal absl::config absl::type_traits 
 PUBLIC  
 NAME  if_constexpr 
 HDRS  "internal/if_constexpr.h" 
 COPTS  ${ABSL_DEFAULT_COPTS} 
 DEPS  absl::config 
 PUBLIC  
 NAME  log_internal_check_impl 
 SRCS  
 HDRS  "internal/check_impl.h" 
 COPTS  ${ABSL_DEFAULT_COPTS} 
 LINKOPTS  ${ABSL_DEFAULT_LINKOPTS} 
 DEPS  absl::core_headers absl::log_internal_check_op absl::log_internal_conditions absl::log_internal_message absl::log_internal_strip 
 NAME  log_internal_check_op 
 SRCS  "internal/check_op.cc" 
 HDRS  "internal/check_op.h" 
 COPTS  ${ABSL_DEFAULT_COPTS} 
 LINKOPTS  ${ABSL_DEFAULT_LINKOPTS} 
 DEPS  absl::base absl::config absl::core_headers absl::leak_check absl::log_internal_nullguard absl::log_internal_nullstream absl::log_internal_strip absl::nullability absl::strings 
 NAME  log_internal_conditions 
 SRCS  "internal/conditions.cc" 
 HDRS  "internal/conditions.h" 
 COPTS  ${ABSL_DEFAULT_COPTS} 
 LINKOPTS  ${ABSL_DEFAULT_LINKOPTS} 
 DEPS  absl::base absl::config absl::core_headers absl::log_internal_voidify 
 NAME  log_internal_config 
 SRCS  
 HDRS  "internal/config.h" 
 COPTS  ${ABSL_DEFAULT_COPTS} 
 LINKOPTS  ${ABSL_DEFAULT_LINKOPTS} 
 DEPS  absl::config absl::core_headers 
 NAME  log_internal_flags 
 SRCS  
 HDRS  "internal/flags.h" 
 COPTS  ${ABSL_DEFAULT_COPTS} 
 LINKOPTS  ${ABSL_DEFAULT_LINKOPTS} 
 DEPS  absl::flags 
 NAME  log_internal_format 
 SRCS  "internal/log_format.cc" 
 HDRS  "internal/log_format.h" 
 COPTS  ${ABSL_DEFAULT_COPTS} 
 LINKOPTS  ${ABSL_DEFAULT_LINKOPTS} 
 DEPS  absl::config absl::core_headers absl::log_internal_append_truncated absl::log_internal_config absl::log_internal_globals absl::log_severity absl::strings absl::str_format absl::time absl::span 
 NAME  log_internal_globals 
 SRCS  "internal/globals.cc" 
 HDRS  "internal/globals.h" 
 COPTS  ${ABSL_DEFAULT_COPTS} 
 LINKOPTS  ${ABSL_DEFAULT_LINKOPTS} 
 DEPS  absl::config absl::core_headers absl::log_severity absl::raw_logging_internal absl::strings absl::time 
 NAME  log_internal_log_impl 
 SRCS  
 HDRS  "internal/log_impl.h" 
 COPTS  ${ABSL_DEFAULT_COPTS} 
 LINKOPTS  ${ABSL_DEFAULT_LINKOPTS} 
 DEPS  absl::log_internal_conditions absl::log_internal_message absl::log_internal_strip absl::absl_vlog_is_on 
 NAME  log_internal_proto 
 SRCS  "internal/proto.cc" 
 HDRS  "internal/proto.h" 
 COPTS  ${ABSL_DEFAULT_COPTS} 
 LINKOPTS  ${ABSL_DEFAULT_LINKOPTS} 
 DEPS  absl::base absl::config absl::core_headers absl::strings absl::span 
 NAME  log_internal_message 
 SRCS  "internal/log_message.cc" 
 HDRS  "internal/log_message.h" 
 COPTS  ${ABSL_DEFAULT_COPTS} 
 LINKOPTS  ${ABSL_DEFAULT_LINKOPTS} 
 DEPS  absl::base absl::config absl::core_headers absl::errno_saver absl::examine_stack absl::inlined_vector absl::log_internal_append_truncated absl::log_internal_format absl::log_internal_globals absl::log_internal_proto absl::log_internal_log_sink_set absl::log_internal_nullguard absl::log_globals absl::log_entry absl::log_severity absl::log_sink absl::log_sink_registry absl::memory absl::nullability absl::raw_logging_internal absl::span absl::strerror absl::strings absl::time 
 NAME  log_internal_log_sink_set 
 SRCS  "internal/log_sink_set.cc" 
 HDRS  "internal/log_sink_set.h" 
 COPTS  ${ABSL_DEFAULT_COPTS} 
 LINKOPTS  ${ABSL_DEFAULT_LINKOPTS} $<$<BOOL:${ANDROID}>:-llog> 
 DEPS  absl::base absl::cleanup absl::config absl::core_headers absl::log_internal_config absl::log_internal_globals absl::log_globals absl::log_entry absl::log_severity absl::log_sink absl::no_destructor absl::raw_logging_internal absl::synchronization absl::span absl::strings 
 NAME  log_internal_nullguard 
 SRCS  "internal/nullguard.cc" 
 HDRS  "internal/nullguard.h" 
 COPTS  ${ABSL_DEFAULT_COPTS} 
 LINKOPTS  ${ABSL_DEFAULT_LINKOPTS} 
 DEPS  absl::config absl::core_headers 
 NAME  log_internal_nullstream 
 SRCS  
 HDRS  "internal/nullstream.h" 
 COPTS  ${ABSL_DEFAULT_COPTS} 
 LINKOPTS  ${ABSL_DEFAULT_LINKOPTS} 
 DEPS  absl::config absl::core_headers absl::log_severity absl::strings 
 NAME  log_internal_strip 
 SRCS  
 HDRS  "internal/strip.h" 
 COPTS  ${ABSL_DEFAULT_COPTS} 
 LINKOPTS  ${ABSL_DEFAULT_LINKOPTS} 
 DEPS  absl::core_headers absl::log_internal_message absl::log_internal_nullstream absl::log_severity 
 NAME  log_internal_test_actions 
 SRCS  "internal/test_actions.cc" 
 HDRS  "internal/test_actions.h" 
 COPTS  ${ABSL_DEFAULT_COPTS} 
 LINKOPTS  ${ABSL_DEFAULT_LINKOPTS} 
 DEPS  absl::config absl::core_headers absl::log_entry absl::log_severity absl::strings absl::time 
 TESTONLY  
 NAME  log_internal_test_helpers 
 SRCS  "internal/test_helpers.cc" 
 HDRS  "internal/test_helpers.h" 
 COPTS  ${ABSL_DEFAULT_COPTS} 
 LINKOPTS  ${ABSL_DEFAULT_LINKOPTS} 
 DEPS  absl::config absl::log_globals absl::log_initialize absl::log_internal_globals absl::log_severity GTest::gtest 
 TESTONLY  
 NAME  log_internal_test_matchers 
 SRCS  "internal/test_matchers.cc" 
 HDRS  "internal/test_matchers.h" 
 COPTS  ${ABSL_DEFAULT_COPTS} 
 LINKOPTS  ${ABSL_DEFAULT_LINKOPTS} 
 DEPS  absl::config absl::core_headers absl::log_entry absl::log_internal_test_helpers absl::log_severity absl::strings absl::time GTest::gtest GTest::gmock 
 TESTONLY  
 NAME  log_internal_voidify 
 SRCS  
 HDRS  "internal/voidify.h" 
 COPTS  ${ABSL_DEFAULT_COPTS} 
 LINKOPTS  ${ABSL_DEFAULT_LINKOPTS} 
 DEPS  absl::config 
 NAME  log_internal_append_truncated 
 SRCS  
 HDRS  "internal/append_truncated.h" 
 COPTS  ${ABSL_DEFAULT_COPTS} 
 LINKOPTS  ${ABSL_DEFAULT_LINKOPTS} 
 DEPS  absl::config absl::strings absl::span 
 NAME  absl_check 
 SRCS  
 HDRS  "absl_check.h" 
 COPTS  ${ABSL_DEFAULT_COPTS} 
 LINKOPTS  ${ABSL_DEFAULT_LINKOPTS} 
 DEPS  absl::log_internal_check_impl 
 PUBLIC  
 NAME  absl_log 
 SRCS  
 HDRS  "absl_log.h" 
 COPTS  ${ABSL_DEFAULT_COPTS} 
 LINKOPTS  ${ABSL_DEFAULT_LINKOPTS} 
 DEPS  absl::log_internal_log_impl 
 PUBLIC  
 NAME  check 
 SRCS  
 HDRS  "check.h" 
 COPTS  ${ABSL_DEFAULT_COPTS} 
 LINKOPTS  ${ABSL_DEFAULT_LINKOPTS} 
 DEPS  absl::log_internal_check_impl absl::core_headers absl::log_internal_check_op absl::log_internal_conditions absl::log_internal_message absl::log_internal_strip 
 PUBLIC  
 NAME  die_if_null 
 SRCS  "die_if_null.cc" 
 HDRS  "die_if_null.h" 
 COPTS  ${ABSL_DEFAULT_COPTS} 
 LINKOPTS  ${ABSL_DEFAULT_LINKOPTS} 
 DEPS  absl::config absl::core_headers absl::log absl::strings 
 PUBLIC  
 NAME  log_flags 
 SRCS  "flags.cc" 
 HDRS  "flags.h" 
 COPTS  ${ABSL_DEFAULT_COPTS} 
 LINKOPTS  ${ABSL_DEFAULT_LINKOPTS} 
 DEPS  absl::config absl::core_headers absl::log_globals absl::log_severity absl::log_internal_config absl::log_internal_flags absl::flags absl::flags_marshalling absl::strings absl::vlog_config_internal 
 PUBLIC  
 NAME  log_globals 
 SRCS  "globals.cc" 
 HDRS  "globals.h" 
 COPTS  ${ABSL_DEFAULT_COPTS} 
 LINKOPTS  ${ABSL_DEFAULT_LINKOPTS} 
 DEPS  absl::atomic_hook absl::config absl::core_headers absl::hash absl::log_severity absl::raw_logging_internal absl::strings absl::vlog_config_internal 
 NAME  log_initialize 
 SRCS  "initialize.cc" 
 HDRS  "initialize.h" 
 COPTS  ${ABSL_DEFAULT_COPTS} 
 LINKOPTS  ${ABSL_DEFAULT_LINKOPTS} 
 DEPS  absl::config absl::log_globals absl::log_internal_globals absl::time 
 PUBLIC  
 NAME  log 
 SRCS  
 HDRS  "log.h" 
 COPTS  ${ABSL_DEFAULT_COPTS} 
 LINKOPTS  ${ABSL_DEFAULT_LINKOPTS} 
 DEPS  absl::log_internal_log_impl absl::vlog_is_on 
 PUBLIC  
 NAME  log_entry 
 SRCS  "log_entry.cc" 
 HDRS  "log_entry.h" 
 COPTS  ${ABSL_DEFAULT_COPTS} 
 LINKOPTS  ${ABSL_DEFAULT_LINKOPTS} 
 DEPS  absl::config absl::core_headers absl::log_internal_config absl::log_severity absl::span absl::strings absl::time 
 PUBLIC  
 NAME  log_sink 
 SRCS  "log_sink.cc" 
 HDRS  "log_sink.h" 
 COPTS  ${ABSL_DEFAULT_COPTS} 
 LINKOPTS  ${ABSL_DEFAULT_LINKOPTS} 
 DEPS  absl::config absl::log_entry 
 PUBLIC  
 NAME  log_sink_registry 
 SRCS  
 HDRS  "log_sink_registry.h" 
 COPTS  ${ABSL_DEFAULT_COPTS} 
 LINKOPTS  ${ABSL_DEFAULT_LINKOPTS} 
 DEPS  absl::config absl::log_sink absl::log_internal_log_sink_set absl::nullability 
 PUBLIC  
 NAME  log_streamer 
 SRCS  
 HDRS  "log_streamer.h" 
 COPTS  ${ABSL_DEFAULT_COPTS} 
 LINKOPTS  ${ABSL_DEFAULT_LINKOPTS} 
 DEPS  absl::config absl::absl_log absl::log_severity absl::optional absl::strings absl::strings_internal absl::utility 
 PUBLIC  
 NAME  scoped_mock_log 
 SRCS  "scoped_mock_log.cc" 
 HDRS  "scoped_mock_log.h" 
 COPTS  ${ABSL_DEFAULT_COPTS} 
 LINKOPTS  ${ABSL_DEFAULT_LINKOPTS} 
 DEPS  absl::config absl::log_entry absl::log_severity absl::log_sink absl::log_sink_registry absl::raw_logging_internal absl::strings GTest::gmock GTest::gtest 
 PUBLIC  
 TESTONLY  
 NAME  log_internal_structured 
 HDRS  "internal/structured.h" 
 COPTS  ${ABSL_DEFAULT_COPTS} 
 LINKOPTS  ${ABSL_DEFAULT_LINKOPTS} 
 DEPS  absl::config absl::core_headers absl::log_internal_message absl::strings 
 NAME  log_structured 
 HDRS  "structured.h" 
 COPTS  ${ABSL_DEFAULT_COPTS} 
 LINKOPTS  ${ABSL_DEFAULT_LINKOPTS} 
 DEPS  absl::config absl::core_headers absl::log_internal_structured absl::strings 
 PUBLIC  
 NAME  vlog_config_internal 
 SRCS  "internal/vlog_config.cc" 
 HDRS  "internal/vlog_config.h" 
 COPTS  ${ABSL_DEFAULT_COPTS} 
 LINKOPTS  ${ABSL_DEFAULT_LINKOPTS} 
 DEPS  absl::base absl::config absl::core_headers absl::log_internal_fnmatch absl::memory absl::no_destructor absl::strings absl::synchronization absl::optional 
 NAME  absl_vlog_is_on 
 COPTS  ${ABSL_DEFAULT_COPTS} 
 LINKOPTS  ${ABSL_DEFAULT_LINKOPTS} 
 HDRS  "absl_vlog_is_on.h" 
 DEPS  absl::vlog_config_internal absl::config absl::core_headers absl::strings 
 NAME  vlog_is_on 
 COPTS  ${ABSL_DEFAULT_COPTS} 
 LINKOPTS  ${ABSL_DEFAULT_LINKOPTS} 
 HDRS  "vlog_is_on.h" 
 DEPS  absl::absl_vlog_is_on 
 NAME  log_internal_fnmatch 
 SRCS  "internal/fnmatch.cc" 
 HDRS  "internal/fnmatch.h" 
 COPTS  ${ABSL_DEFAULT_COPTS} 
 LINKOPTS  ${ABSL_DEFAULT_LINKOPTS} 
 DEPS  absl::config absl::strings 
 NAME  algorithm 
 HDRS  "algorithm.h" 
 COPTS  ${ABSL_DEFAULT_COPTS} 
 DEPS  absl::config 
 PUBLIC  
 NAME  algorithm_container 
 HDRS  "container.h" 
 COPTS  ${ABSL_DEFAULT_COPTS} 
 DEPS  absl::algorithm absl::config absl::core_headers absl::meta absl::nullability 
 PUBLIC  
 NAME  atomic_hook 
 HDRS  "internal/atomic_hook.h" 
 DEPS  absl::config absl::core_headers 
 COPTS  ${ABSL_DEFAULT_COPTS} 
 NAME  errno_saver 
 HDRS  "internal/errno_saver.h" 
 DEPS  absl::config 
 COPTS  ${ABSL_DEFAULT_COPTS} 
 NAME  log_severity 
 HDRS  "log_severity.h" 
 SRCS  "log_severity.cc" 
 DEPS  absl::config absl::core_headers 
 COPTS  ${ABSL_DEFAULT_COPTS} 
 NAME  no_destructor 
 HDRS  "no_destructor.h" 
 DEPS  absl::config absl::nullability 
 COPTS  ${ABSL_DEFAULT_COPTS} 
 NAME  nullability 
 HDRS  "nullability.h" 
 SRCS  "internal/nullability_impl.h" 
 DEPS  absl::config absl::core_headers absl::type_traits 
 COPTS  ${ABSL_DEFAULT_COPTS} 
 NAME  raw_logging_internal 
 HDRS  "internal/raw_logging.h" 
 SRCS  "internal/raw_logging.cc" 
 DEPS  absl::atomic_hook absl::config absl::core_headers absl::errno_saver absl::log_severity 
 COPTS  ${ABSL_DEFAULT_COPTS} 
 NAME  spinlock_wait 
 HDRS  "internal/spinlock_wait.h" 
 SRCS  "internal/spinlock_akaros.inc" "internal/spinlock_linux.inc" "internal/spinlock_posix.inc" "internal/spinlock_wait.cc" "internal/spinlock_win32.inc" 
 COPTS  ${ABSL_DEFAULT_COPTS} 
 DEPS  absl::base_internal absl::core_headers absl::errno_saver 
 NAME  config 
 HDRS  "config.h" "options.h" "policy_checks.h" 
 COPTS  ${ABSL_DEFAULT_COPTS} 
 PUBLIC  
 NAME  dynamic_annotations 
 HDRS  "dynamic_annotations.h" 
 SRCS  "internal/dynamic_annotations.h" 
 COPTS  ${ABSL_DEFAULT_COPTS} 
 DEPS  absl::config 
 PUBLIC  
 NAME  core_headers 
 HDRS  "attributes.h" "const_init.h" "macros.h" "optimization.h" "port.h" "thread_annotations.h" 
 COPTS  ${ABSL_DEFAULT_COPTS} 
 DEPS  absl::config 
 PUBLIC  
 NAME  malloc_internal 
 HDRS  "internal/direct_mmap.h" "internal/low_level_alloc.h" 
 SRCS  "internal/low_level_alloc.cc" 
 COPTS  ${ABSL_DEFAULT_COPTS} 
 DEPS  absl::base absl::base_internal absl::config absl::core_headers absl::dynamic_annotations absl::raw_logging_internal Threads::Threads 
 NAME  base_internal 
 HDRS  "internal/hide_ptr.h" "internal/identity.h" "internal/inline_variable.h" "internal/invoke.h" "internal/scheduling_mode.h" 
 COPTS  ${ABSL_DEFAULT_COPTS} 
 DEPS  absl::config absl::type_traits 
 NAME  base 
 HDRS  "call_once.h" "casts.h" "internal/cycleclock.h" "internal/cycleclock_config.h" "internal/low_level_scheduling.h" "internal/per_thread_tls.h" "internal/spinlock.h" "internal/sysinfo.h" "internal/thread_identity.h" "internal/tsan_mutex_interface.h" "internal/unscaledcycleclock.h" "internal/unscaledcycleclock_config.h" 
 SRCS  "internal/cycleclock.cc" "internal/spinlock.cc" "internal/sysinfo.cc" "internal/thread_identity.cc" "internal/unscaledcycleclock.cc" 
 COPTS  ${ABSL_DEFAULT_COPTS} 
 LINKOPTS  ${ABSL_DEFAULT_LINKOPTS} $<$<BOOL:${LIBRT}>:-lrt> $<$<BOOL:${MINGW}>:-ladvapi32> 
 DEPS  absl::atomic_hook absl::base_internal absl::config absl::core_headers absl::dynamic_annotations absl::log_severity absl::nullability absl::raw_logging_internal absl::spinlock_wait absl::type_traits Threads::Threads 
 PUBLIC  
 NAME  throw_delegate 
 HDRS  "internal/throw_delegate.h" 
 SRCS  "internal/throw_delegate.cc" 
 COPTS  ${ABSL_DEFAULT_COPTS} 
 DEPS  absl::config absl::raw_logging_internal 
 NAME  exception_testing 
 HDRS  "internal/exception_testing.h" 
 COPTS  ${ABSL_DEFAULT_COPTS} 
 DEPS  absl::config GTest::gtest 
 TESTONLY  
 NAME  pretty_function 
 HDRS  "internal/pretty_function.h" 
 COPTS  ${ABSL_DEFAULT_COPTS} 
 NAME  exception_safety_testing 
 HDRS  "internal/exception_safety_testing.h" 
 SRCS  "internal/exception_safety_testing.cc" 
 COPTS  ${ABSL_TEST_COPTS} 
 DEPS  absl::config absl::pretty_function absl::memory absl::meta absl::strings absl::utility GTest::gtest 
 TESTONLY  
 NAME  atomic_hook_test_helper 
 SRCS  "internal/atomic_hook_test_helper.cc" 
 COPTS  ${ABSL_TEST_COPTS} 
 DEPS  absl::atomic_hook absl::core_headers 
 TESTONLY  
 NAME  spinlock_test_common 
 SRCS  "spinlock_test_common.cc" 
 COPTS  ${ABSL_TEST_COPTS} 
 DEPS  absl::base absl::config absl::base_internal absl::core_headers absl::synchronization GTest::gtest 
 TESTONLY  
 NAME  endian 
 HDRS  "internal/endian.h" "internal/unaligned_access.h" 
 COPTS  ${ABSL_DEFAULT_COPTS} 
 DEPS  absl::base absl::config absl::core_headers absl::nullability 
 PUBLIC  
 NAME  scoped_set_env 
 SRCS  "internal/scoped_set_env.cc" 
 HDRS  "internal/scoped_set_env.h" 
 COPTS  ${ABSL_DEFAULT_COPTS} 
 DEPS  absl::config absl::raw_logging_internal 
 NAME  strerror 
 SRCS  "internal/strerror.cc" 
 HDRS  "internal/strerror.h" 
 COPTS  ${ABSL_DEFAULT_COPTS} 
 LINKOPTS  ${ABSL_DEFAULT_LINKOPTS} 
 DEPS  absl::config absl::core_headers absl::errno_saver 
 NAME  fast_type_id 
 HDRS  "internal/fast_type_id.h" 
 COPTS  ${ABSL_DEFAULT_COPTS} 
 LINKOPTS  ${ABSL_DEFAULT_LINKOPTS} 
 DEPS  absl::config 
 NAME  prefetch 
 HDRS  "prefetch.h" 
 COPTS  ${ABSL_DEFAULT_COPTS} 
 LINKOPTS  ${ABSL_DEFAULT_LINKOPTS} 
 DEPS  absl::config absl::core_headers 
 NAME  poison 
 SRCS  "internal/poison.cc" 
 HDRS  "internal/poison.h" 
 COPTS  ${ABSL_DEFAULT_COPTS} 
 LINKOPTS  ${ABSL_DEFAULT_LINKOPTS} 
 DEPS  absl::config absl::core_headers absl::malloc_internal 
 NAME  tracing_internal 
 HDRS  "internal/tracing.h" 
 SRCS  "internal/tracing.cc" 
 COPTS  ${ABSL_DEFAULT_COPTS} 
 DEPS  absl::base 
 NAME  btree 
 HDRS  "btree_map.h" "btree_set.h" "internal/btree.h" "internal/btree_container.h" 
 COPTS  ${ABSL_DEFAULT_COPTS} 
 LINKOPTS  ${ABSL_DEFAULT_LINKOPTS} 
 DEPS  absl::common_policy_traits absl::compare absl::compressed_tuple absl::config absl::container_common absl::container_memory absl::cord absl::core_headers absl::layout absl::memory absl::raw_logging_internal absl::strings absl::throw_delegate absl::type_traits 
 NAME  btree_test_common hdrs "btree_test.h" 
 COPTS  ${ABSL_TEST_COPTS} 
 LINKOPTS  ${ABSL_DEFAULT_LINKOPTS} 
 DEPS  absl::btree absl::cord absl::flat_hash_set absl::strings absl::time 
 TESTONLY  
 NAME  compressed_tuple 
 HDRS  "internal/compressed_tuple.h" 
 COPTS  ${ABSL_DEFAULT_COPTS} 
 DEPS  absl::utility 
 PUBLIC  
 NAME  fixed_array 
 HDRS  "fixed_array.h" 
 COPTS  ${ABSL_DEFAULT_COPTS} 
 DEPS  absl::compressed_tuple absl::algorithm absl::config absl::core_headers absl::dynamic_annotations absl::throw_delegate absl::memory 
 PUBLIC  
 NAME  inlined_vector_internal 
 HDRS  "internal/inlined_vector.h" 
 COPTS  ${ABSL_DEFAULT_COPTS} 
 DEPS  absl::base_internal absl::compressed_tuple absl::config absl::core_headers absl::memory absl::span absl::type_traits 
 PUBLIC  
 NAME  inlined_vector 
 HDRS  "inlined_vector.h" 
 COPTS  ${ABSL_DEFAULT_COPTS} 
 DEPS  absl::algorithm absl::core_headers absl::inlined_vector_internal absl::throw_delegate absl::memory absl::type_traits 
 PUBLIC  
 NAME  test_allocator 
 HDRS  "internal/test_allocator.h" 
 COPTS  ${ABSL_DEFAULT_COPTS} 
 DEPS  absl::config GTest::gmock 
 TESTONLY  
 NAME  test_instance_tracker 
 HDRS  "internal/test_instance_tracker.h" 
 SRCS  "internal/test_instance_tracker.cc" 
 COPTS  ${ABSL_DEFAULT_COPTS} 
 DEPS  absl::compare 
 TESTONLY  
 NAME  flat_hash_map 
 HDRS  "flat_hash_map.h" 
 COPTS  ${ABSL_DEFAULT_COPTS} 
 DEPS  absl::container_memory absl::core_headers absl::hash_container_defaults absl::raw_hash_map absl::algorithm_container absl::type_traits 
 PUBLIC  
 NAME  flat_hash_set 
 HDRS  "flat_hash_set.h" 
 COPTS  ${ABSL_DEFAULT_COPTS} 
 DEPS  absl::container_memory absl::hash_container_defaults absl::raw_hash_set absl::algorithm_container absl::core_headers absl::memory absl::type_traits 
 PUBLIC  
 NAME  node_hash_map 
 HDRS  "node_hash_map.h" 
 COPTS  ${ABSL_DEFAULT_COPTS} 
 DEPS  absl::container_memory absl::core_headers absl::hash_container_defaults absl::node_slot_policy absl::raw_hash_map absl::algorithm_container absl::memory absl::type_traits 
 PUBLIC  
 NAME  node_hash_set 
 HDRS  "node_hash_set.h" 
 COPTS  ${ABSL_DEFAULT_COPTS} 
 DEPS  absl::container_memory absl::core_headers absl::hash_container_defaults absl::node_slot_policy absl::raw_hash_set absl::algorithm_container absl::memory absl::type_traits 
 PUBLIC  
 NAME  hash_container_defaults 
 HDRS  "hash_container_defaults.h" 
 COPTS  ${ABSL_DEFAULT_COPTS} 
 DEPS  absl::config absl::hash_function_defaults 
 PUBLIC  
 NAME  container_memory 
 HDRS  "internal/container_memory.h" 
 COPTS  ${ABSL_DEFAULT_COPTS} 
 DEPS  absl::config absl::memory absl::type_traits absl::utility 
 PUBLIC  
 NAME  hash_function_defaults 
 HDRS  "internal/hash_function_defaults.h" 
 COPTS  ${ABSL_DEFAULT_COPTS} 
 DEPS  absl::config absl::container_common absl::cord absl::hash absl::strings absl::type_traits 
 PUBLIC  
 NAME  hash_generator_testing 
 HDRS  "internal/hash_generator_testing.h" 
 SRCS  "internal/hash_generator_testing.cc" 
 COPTS  ${ABSL_TEST_COPTS} 
 DEPS  absl::hash_policy_testing absl::memory absl::meta absl::no_destructor absl::strings 
 TESTONLY  
 NAME  hash_policy_testing 
 HDRS  "internal/hash_policy_testing.h" 
 COPTS  ${ABSL_TEST_COPTS} 
 DEPS  absl::hash absl::strings 
 TESTONLY  
 NAME  hash_policy_traits 
 HDRS  "internal/hash_policy_traits.h" 
 COPTS  ${ABSL_DEFAULT_COPTS} 
 DEPS  absl::common_policy_traits absl::meta 
 PUBLIC  
 NAME  common_policy_traits 
 HDRS  "internal/common_policy_traits.h" 
 COPTS  ${ABSL_DEFAULT_COPTS} 
 DEPS  absl::meta 
 PUBLIC  
 NAME  hashtablez_sampler 
 HDRS  "internal/hashtablez_sampler.h" 
 SRCS  "internal/hashtablez_sampler.cc" "internal/hashtablez_sampler_force_weak_definition.cc" 
 COPTS  ${ABSL_DEFAULT_COPTS} 
 DEPS  absl::base absl::config absl::exponential_biased absl::no_destructor absl::raw_logging_internal absl::sample_recorder absl::synchronization absl::time 
 NAME  hashtable_debug 
 HDRS  "internal/hashtable_debug.h" 
 COPTS  ${ABSL_DEFAULT_COPTS} 
 DEPS  absl::hashtable_debug_hooks 
 NAME  hashtable_debug_hooks 
 HDRS  "internal/hashtable_debug_hooks.h" 
 COPTS  ${ABSL_DEFAULT_COPTS} 
 DEPS  absl::config 
 PUBLIC  
 NAME  node_slot_policy 
 HDRS  "internal/node_slot_policy.h" 
 COPTS  ${ABSL_DEFAULT_COPTS} 
 DEPS  absl::config 
 PUBLIC  
 NAME  raw_hash_map 
 HDRS  "internal/raw_hash_map.h" 
 COPTS  ${ABSL_DEFAULT_COPTS} 
 DEPS  absl::config absl::container_memory absl::core_headers absl::raw_hash_set absl::throw_delegate 
 PUBLIC  
 NAME  container_common 
 HDRS  "internal/common.h" 
 COPTS  ${ABSL_DEFAULT_COPTS} 
 DEPS  absl::type_traits 
 NAME  raw_hash_set 
 HDRS  "internal/raw_hash_set.h" 
 SRCS  "internal/raw_hash_set.cc" 
 COPTS  ${ABSL_DEFAULT_COPTS} 
 DEPS  absl::bits absl::compressed_tuple absl::config absl::container_common absl::container_memory absl::core_headers absl::dynamic_annotations absl::endian absl::hash absl::hash_function_defaults absl::hash_policy_traits absl::hashtable_debug_hooks absl::hashtablez_sampler absl::memory absl::meta absl::optional absl::prefetch absl::raw_logging_internal absl::utility 
 PUBLIC  
 NAME  layout 
 HDRS  "internal/layout.h" 
 COPTS  ${ABSL_DEFAULT_COPTS} 
 DEPS  absl::config absl::core_headers absl::debugging_internal absl::meta absl::strings absl::span absl::utility 
 PUBLIC  
 NAME  tracked 
 HDRS  "internal/tracked.h" 
 COPTS  ${ABSL_TEST_COPTS} 
 DEPS  absl::config 
 TESTONLY  
 NAME  unordered_map_constructor_test 
 HDRS  "internal/unordered_map_constructor_test.h" 
 COPTS  ${ABSL_TEST_COPTS} 
 DEPS  absl::hash_generator_testing absl::hash_policy_testing GTest::gmock 
 TESTONLY  
 NAME  unordered_map_lookup_test 
 HDRS  "internal/unordered_map_lookup_test.h" 
 COPTS  ${ABSL_TEST_COPTS} 
 DEPS  absl::hash_generator_testing absl::hash_policy_testing GTest::gmock 
 TESTONLY  
 NAME  unordered_map_members_test 
 HDRS  "internal/unordered_map_members_test.h" 
 COPTS  ${ABSL_TEST_COPTS} 
 DEPS  absl::type_traits GTest::gmock 
 TESTONLY  
 NAME  unordered_map_modifiers_test 
 HDRS  "internal/unordered_map_modifiers_test.h" 
 COPTS  ${ABSL_TEST_COPTS} 
 DEPS  absl::hash_generator_testing absl::hash_policy_testing GTest::gmock 
 TESTONLY  
 NAME  unordered_set_constructor_test 
 HDRS  "internal/unordered_set_constructor_test.h" 
 COPTS  ${ABSL_TEST_COPTS} 
 DEPS  absl::hash_generator_testing absl::hash_policy_testing GTest::gmock 
 TESTONLY  
 NAME  unordered_set_lookup_test 
 HDRS  "internal/unordered_set_lookup_test.h" 
 COPTS  ${ABSL_TEST_COPTS} 
 DEPS  absl::hash_generator_testing absl::hash_policy_testing GTest::gmock 
 TESTONLY  
 NAME  unordered_set_members_test 
 HDRS  "internal/unordered_set_members_test.h" 
 COPTS  ${ABSL_TEST_COPTS} 
 DEPS  absl::type_traits GTest::gmock 
 TESTONLY  
 NAME  unordered_set_modifiers_test 
 HDRS  "internal/unordered_set_modifiers_test.h" 
 COPTS  ${ABSL_TEST_COPTS} 
 DEPS  absl::hash_generator_testing absl::hash_policy_testing GTest::gmock 
 TESTONLY  
 NAME  memory 
 HDRS  "memory.h" 
 COPTS  ${ABSL_DEFAULT_COPTS} 
 DEPS  absl::core_headers absl::meta 
 PUBLIC  
 NAME  time 
 HDRS  "civil_time.h" "clock.h" "time.h" 
 SRCS  "civil_time.cc" "clock.cc" "duration.cc" "format.cc" "internal/get_current_time_chrono.inc" "internal/get_current_time_posix.inc" "time.cc" 
 COPTS  ${ABSL_DEFAULT_COPTS} 
 DEPS  absl::base absl::civil_time absl::core_headers absl::int128 absl::raw_logging_internal absl::strings absl::time_zone 
 PUBLIC  
 NAME  civil_time 
 HDRS  "internal/cctz/include/cctz/civil_time.h" "internal/cctz/include/cctz/civil_time_detail.h" 
 SRCS  "internal/cctz/src/civil_time_detail.cc" 
 COPTS  ${ABSL_DEFAULT_COPTS} 
 NAME  time_zone 
 HDRS  "internal/cctz/include/cctz/time_zone.h" "internal/cctz/include/cctz/zone_info_source.h" 
 SRCS  "internal/cctz/src/time_zone_fixed.cc" "internal/cctz/src/time_zone_fixed.h" "internal/cctz/src/time_zone_format.cc" "internal/cctz/src/time_zone_if.cc" "internal/cctz/src/time_zone_if.h" "internal/cctz/src/time_zone_impl.cc" "internal/cctz/src/time_zone_impl.h" "internal/cctz/src/time_zone_info.cc" "internal/cctz/src/time_zone_info.h" "internal/cctz/src/time_zone_libc.cc" "internal/cctz/src/time_zone_libc.h" "internal/cctz/src/time_zone_lookup.cc" "internal/cctz/src/time_zone_posix.cc" "internal/cctz/src/time_zone_posix.h" "internal/cctz/src/tzfile.h" "internal/cctz/src/zone_info_source.cc" 
 COPTS  ${ABSL_DEFAULT_COPTS} 
 DEPS  Threads::Threads # TODO(#1495 
 NAME  time_internal_test_util 
 HDRS  "internal/test_util.h" 
 SRCS  "internal/test_util.cc" 
 COPTS  ${ABSL_DEFAULT_COPTS} 
 DEPS  absl::time absl::config absl::raw_logging_internal absl::time_zone 
 TESTONLY  
 NAME  stacktrace 
 HDRS  "stacktrace.h" "internal/stacktrace_aarch64-inl.inc" "internal/stacktrace_arm-inl.inc" "internal/stacktrace_config.h" "internal/stacktrace_emscripten-inl.inc" "internal/stacktrace_generic-inl.inc" "internal/stacktrace_powerpc-inl.inc" "internal/stacktrace_riscv-inl.inc" "internal/stacktrace_unimplemented-inl.inc" "internal/stacktrace_win32-inl.inc" "internal/stacktrace_x86-inl.inc" 
 SRCS  "stacktrace.cc" 
 COPTS  ${ABSL_DEFAULT_COPTS} 
 LINKOPTS  $<$<BOOL:${EXECINFO_LIBRARY}>:${EXECINFO_LIBRARY}> 
 DEPS  absl::debugging_internal absl::config absl::core_headers absl::dynamic_annotations absl::raw_logging_internal 
 PUBLIC  
 NAME  symbolize 
 HDRS  "symbolize.h" "internal/symbolize.h" 
 SRCS  "symbolize.cc" "symbolize_darwin.inc" "symbolize_elf.inc" "symbolize_emscripten.inc" "symbolize_unimplemented.inc" "symbolize_win32.inc" 
 COPTS  ${ABSL_DEFAULT_COPTS} 
 LINKOPTS  ${ABSL_DEFAULT_LINKOPTS} $<$<BOOL:${MINGW}>:-ldbghelp> 
 DEPS  absl::debugging_internal absl::demangle_internal absl::base absl::config absl::core_headers absl::dynamic_annotations absl::malloc_internal absl::raw_logging_internal absl::strings 
 PUBLIC  
 NAME  examine_stack 
 HDRS  "internal/examine_stack.h" 
 SRCS  "internal/examine_stack.cc" 
 COPTS  ${ABSL_DEFAULT_COPTS} 
 DEPS  absl::stacktrace absl::symbolize absl::config absl::core_headers absl::raw_logging_internal 
 NAME  failure_signal_handler 
 HDRS  "failure_signal_handler.h" 
 SRCS  "failure_signal_handler.cc" 
 COPTS  ${ABSL_DEFAULT_COPTS} 
 DEPS  absl::examine_stack absl::stacktrace absl::base absl::config absl::core_headers absl::raw_logging_internal 
 PUBLIC  
 NAME  debugging_internal 
 HDRS  "internal/address_is_readable.h" "internal/elf_mem_image.h" "internal/vdso_support.h" 
 SRCS  "internal/address_is_readable.cc" "internal/elf_mem_image.cc" "internal/vdso_support.cc" 
 COPTS  ${ABSL_DEFAULT_COPTS} 
 DEPS  absl::core_headers absl::config absl::dynamic_annotations absl::errno_saver absl::raw_logging_internal 
 NAME  demangle_internal 
 HDRS  "internal/demangle.h" 
 SRCS  "internal/demangle.cc" 
 COPTS  ${ABSL_DEFAULT_COPTS} 
 DEPS  absl::config absl::demangle_rust 
 PUBLIC  
 NAME  bounded_utf8_length_sequence 
 HDRS  "internal/bounded_utf8_length_sequence.h" 
 COPTS  ${ABSL_DEFAULT_COPTS} 
 DEPS  absl::bits absl::config 
 NAME  decode_rust_punycode 
 HDRS  "internal/decode_rust_punycode.h" 
 SRCS  "internal/decode_rust_punycode.cc" 
 COPTS  ${ABSL_DEFAULT_COPTS} 
 DEPS  absl::bounded_utf8_length_sequence absl::config absl::nullability absl::utf8_for_code_point 
 NAME  demangle_rust 
 HDRS  "internal/demangle_rust.h" 
 SRCS  "internal/demangle_rust.cc" 
 COPTS  ${ABSL_DEFAULT_COPTS} 
 DEPS  absl::config absl::core_headers absl::decode_rust_punycode 
 NAME  utf8_for_code_point 
 HDRS  "internal/utf8_for_code_point.h" 
 SRCS  "internal/utf8_for_code_point.cc" 
 COPTS  ${ABSL_DEFAULT_COPTS} 
 DEPS  absl::config 
 NAME  leak_check 
 HDRS  "leak_check.h" 
 SRCS  "leak_check.cc" 
 COPTS  ${ABSL_DEFAULT_COPTS} 
 DEPS  absl::config absl::core_headers 
 PUBLIC  
 NAME  stack_consumption 
 HDRS  "internal/stack_consumption.h" 
 SRCS  "internal/stack_consumption.cc" 
 COPTS  ${ABSL_DEFAULT_COPTS} 
 DEPS  absl::config absl::core_headers absl::raw_logging_internal 
 TESTONLY  
 NAME  debugging 
 COPTS  ${ABSL_DEFAULT_COPTS} 
 DEPS  absl::stacktrace absl::leak_check 
 PUBLIC  
 NAME  any_invocable 
 SRCS  "internal/any_invocable.h" 
 HDRS  "any_invocable.h" 
 COPTS  ${ABSL_DEFAULT_COPTS} 
 DEPS  absl::base_internal absl::config absl::core_headers absl::type_traits absl::utility 
 PUBLIC  
 NAME  bind_front 
 SRCS  "internal/front_binder.h" 
 HDRS  "bind_front.h" 
 COPTS  ${ABSL_DEFAULT_COPTS} 
 DEPS  absl::base_internal absl::compressed_tuple 
 PUBLIC  
 NAME  function_ref 
 SRCS  "internal/function_ref.h" 
 HDRS  "function_ref.h" 
 COPTS  ${ABSL_DEFAULT_COPTS} 
 DEPS  absl::base_internal absl::core_headers absl::any_invocable absl::meta 
 PUBLIC  
 NAME  overload 
 HDRS  "overload.h" 
 COPTS  ${ABSL_DEFAULT_COPTS} 
 DEPS  absl::meta 
 PUBLIC  
 NAME  sample_recorder 
 HDRS  "internal/sample_recorder.h" 
 COPTS  ${ABSL_DEFAULT_COPTS} 
 DEPS  absl::base absl::synchronization 
 NAME  exponential_biased 
 SRCS  "internal/exponential_biased.cc" 
 HDRS  "internal/exponential_biased.h" 
 COPTS  ${ABSL_DEFAULT_COPTS} 
 DEPS  absl::config absl::core_headers 
 NAME  periodic_sampler 
 SRCS  "internal/periodic_sampler.cc" 
 HDRS  "internal/periodic_sampler.h" 
 COPTS  ${ABSL_DEFAULT_COPTS} 
 DEPS  absl::core_headers absl::exponential_biased 
 NAME  hash 
 HDRS  "hash.h" 
 SRCS  "internal/hash.cc" "internal/hash.h" 
 COPTS  ${ABSL_DEFAULT_COPTS} 
 DEPS  absl::bits absl::city absl::config absl::core_headers absl::endian absl::fixed_array absl::function_ref absl::meta absl::int128 absl::strings absl::optional absl::variant absl::utility absl::low_level_hash 
 PUBLIC  
 NAME  hash_testing 
 HDRS  "hash_testing.h" 
 COPTS  ${ABSL_TEST_COPTS} 
 DEPS  absl::spy_hash_state absl::meta absl::strings absl::variant GTest::gmock 
 TESTONLY  
 PUBLIC  
 NAME  spy_hash_state 
 HDRS  "internal/spy_hash_state.h" 
 COPTS  ${ABSL_DEFAULT_COPTS} 
 DEPS  absl::hash absl::strings absl::str_format 
 TESTONLY  
 PUBLIC  
 NAME  city 
 HDRS  "internal/city.h" 
 SRCS  "internal/city.cc" 
 COPTS  ${ABSL_DEFAULT_COPTS} 
 DEPS  absl::config absl::core_headers absl::endian 
 NAME  low_level_hash 
 HDRS  "internal/low_level_hash.h" 
 SRCS  "internal/low_level_hash.cc" 
 COPTS  ${ABSL_DEFAULT_COPTS} 
 DEPS  absl::config absl::endian absl::int128 absl::prefetch 
 NAME  flags_path_util 
 HDRS  "internal/path_util.h" 
 COPTS  ${ABSL_DEFAULT_COPTS} 
 LINKOPTS  ${ABSL_DEFAULT_LINKOPTS} 
 DEPS  absl::config absl::strings 
 PUBLIC  
 NAME  flags_program_name 
 SRCS  "internal/program_name.cc" 
 HDRS  "internal/program_name.h" 
 COPTS  ${ABSL_DEFAULT_COPTS} 
 LINKOPTS  ${ABSL_DEFAULT_LINKOPTS} 
 DEPS  absl::config absl::core_headers absl::flags_path_util absl::strings absl::synchronization 
 PUBLIC  
 NAME  flags_config 
 SRCS  "usage_config.cc" 
 HDRS  "config.h" "usage_config.h" 
 COPTS  ${ABSL_DEFAULT_COPTS} 
 LINKOPTS  ${ABSL_DEFAULT_LINKOPTS} 
 DEPS  absl::config absl::flags_path_util absl::flags_program_name absl::core_headers absl::strings absl::synchronization 
 NAME  flags_marshalling 
 SRCS  "marshalling.cc" 
 HDRS  "marshalling.h" 
 COPTS  ${ABSL_DEFAULT_COPTS} 
 LINKOPTS  ${ABSL_DEFAULT_LINKOPTS} 
 DEPS  absl::config absl::core_headers absl::log_severity absl::int128 absl::optional absl::strings absl::str_format 
 NAME  flags_commandlineflag_internal 
 SRCS  "internal/commandlineflag.cc" 
 HDRS  "internal/commandlineflag.h" 
 COPTS  ${ABSL_DEFAULT_COPTS} 
 LINKOPTS  ${ABSL_DEFAULT_LINKOPTS} 
 DEPS  absl::config absl::dynamic_annotations absl::fast_type_id 
 NAME  flags_commandlineflag 
 SRCS  "commandlineflag.cc" 
 HDRS  "commandlineflag.h" 
 COPTS  ${ABSL_DEFAULT_COPTS} 
 LINKOPTS  ${ABSL_DEFAULT_LINKOPTS} 
 DEPS  absl::config absl::fast_type_id absl::flags_commandlineflag_internal absl::optional absl::strings 
 NAME  flags_private_handle_accessor 
 SRCS  "internal/private_handle_accessor.cc" 
 HDRS  "internal/private_handle_accessor.h" 
 COPTS  ${ABSL_DEFAULT_COPTS} 
 LINKOPTS  ${ABSL_DEFAULT_LINKOPTS} 
 DEPS  absl::config absl::flags_commandlineflag absl::flags_commandlineflag_internal absl::strings 
 NAME  flags_reflection 
 SRCS  "reflection.cc" 
 HDRS  "reflection.h" "internal/registry.h" 
 COPTS  ${ABSL_DEFAULT_COPTS} 
 LINKOPTS  ${ABSL_DEFAULT_LINKOPTS} 
 DEPS  absl::config absl::flags_commandlineflag absl::flags_private_handle_accessor absl::flags_config absl::strings absl::synchronization absl::flat_hash_map absl::no_destructor 
 NAME  flags_internal 
 SRCS  "internal/flag.cc" 
 HDRS  "internal/flag.h" "internal/sequence_lock.h" 
 COPTS  ${ABSL_DEFAULT_COPTS} 
 LINKOPTS  ${ABSL_DEFAULT_LINKOPTS} 
 DEPS  absl::base absl::config absl::flags_commandlineflag absl::flags_commandlineflag_internal absl::flags_config absl::flags_marshalling absl::synchronization absl::meta absl::utility 
 PUBLIC  
 NAME  flags 
 HDRS  "declare.h" "flag.h" 
 COPTS  ${ABSL_DEFAULT_COPTS} 
 LINKOPTS  ${ABSL_DEFAULT_LINKOPTS} 
 DEPS  absl::config absl::flags_commandlineflag absl::flags_config absl::flags_internal absl::flags_reflection absl::core_headers absl::strings 
 NAME  flags_usage_internal 
 SRCS  "internal/usage.cc" 
 HDRS  "internal/usage.h" 
 COPTS  ${ABSL_DEFAULT_COPTS} 
 LINKOPTS  ${ABSL_DEFAULT_LINKOPTS} 
 DEPS  absl::config absl::flags_config absl::flags absl::flags_commandlineflag absl::flags_internal absl::flags_path_util absl::flags_private_handle_accessor absl::flags_program_name absl::flags_reflection absl::strings absl::synchronization 
 NAME  flags_usage 
 SRCS  "usage.cc" 
 HDRS  "usage.h" 
 COPTS  ${ABSL_DEFAULT_COPTS} 
 LINKOPTS  ${ABSL_DEFAULT_LINKOPTS} 
 DEPS  absl::config absl::core_headers absl::flags_usage_internal absl::raw_logging_internal absl::strings absl::synchronization 
 NAME  flags_parse 
 SRCS  "parse.cc" 
 HDRS  "internal/parse.h" "parse.h" 
 COPTS  ${ABSL_DEFAULT_COPTS} 
 LINKOPTS  ${ABSL_DEFAULT_LINKOPTS} 
 DEPS  absl::algorithm_container absl::config absl::core_headers absl::flags_config absl::flags absl::flags_commandlineflag absl::flags_commandlineflag_internal absl::flags_internal absl::flags_private_handle_accessor absl::flags_program_name absl::flags_reflection absl::flags_usage absl::strings absl::synchronization 
 NAME  graphcycles_internal 
 HDRS  "internal/graphcycles.h" 
 SRCS  "internal/graphcycles.cc" 
 COPTS  ${ABSL_DEFAULT_COPTS} 
 DEPS  absl::base absl::base_internal absl::config absl::core_headers absl::malloc_internal absl::raw_logging_internal 
 NAME  kernel_timeout_internal 
 HDRS  "internal/kernel_timeout.h" 
 SRCS  "internal/kernel_timeout.cc" 
 COPTS  ${ABSL_DEFAULT_COPTS} 
 DEPS  absl::base absl::config absl::core_headers absl::raw_logging_internal absl::time 
 NAME  synchronization 
 HDRS  "barrier.h" "blocking_counter.h" "internal/create_thread_identity.h" "internal/futex.h" "internal/futex_waiter.h" "internal/per_thread_sem.h" "internal/pthread_waiter.h" "internal/sem_waiter.h" "internal/stdcpp_waiter.h" "internal/waiter.h" "internal/waiter_base.h" "internal/win32_waiter.h" "mutex.h" "notification.h" 
 SRCS  "barrier.cc" "blocking_counter.cc" "internal/create_thread_identity.cc" "internal/futex_waiter.cc" "internal/per_thread_sem.cc" "internal/pthread_waiter.cc" "internal/sem_waiter.cc" "internal/stdcpp_waiter.cc" "internal/waiter_base.cc" "internal/win32_waiter.cc" "notification.cc" "mutex.cc" 
 COPTS  ${ABSL_DEFAULT_COPTS} 
 DEPS  absl::graphcycles_internal absl::kernel_timeout_internal absl::atomic_hook absl::base absl::base_internal absl::config absl::core_headers absl::dynamic_annotations absl::malloc_internal absl::raw_logging_internal absl::stacktrace absl::symbolize absl::tracing_internal absl::time absl::tracing_internal Threads::Threads 
 PUBLIC  
 NAME  thread_pool 
 HDRS  "internal/thread_pool.h" 
 COPTS  ${ABSL_DEFAULT_COPTS} 
 DEPS  absl::any_invocable absl::core_headers absl::synchronization 
 TESTONLY  
 NAME  per_thread_sem_test_common 
 SRCS  "internal/per_thread_sem_test.cc" 
 COPTS  ${ABSL_TEST_COPTS} 
 DEPS  absl::synchronization absl::base absl::config absl::strings absl::time GTest::gmock 
 TESTONLY  
 NAME  bits 
 HDRS  "bits.h" "internal/bits.h" 
 COPTS  ${ABSL_DEFAULT_COPTS} 
 DEPS  absl::core_headers 
 PUBLIC  
 NAME  int128 
 HDRS  "int128.h" 
 SRCS  "int128.cc" "int128_have_intrinsic.inc" "int128_no_intrinsic.inc" 
 COPTS  ${ABSL_DEFAULT_COPTS} 
 DEPS  absl::compare absl::config absl::core_headers absl::bits 
 PUBLIC  
 NAME  numeric 
 COPTS  ${ABSL_DEFAULT_COPTS} 
 DEPS  absl::int128 
 PUBLIC  
 NAME  numeric_representation 
 HDRS  "internal/representation.h" 
 COPTS  ${ABSL_DEFAULT_COPTS} 
 DEPS  absl::config 
 PUBLIC  
 NAME  string_view 
 HDRS  "string_view.h" 
 SRCS  "string_view.cc" 
 COPTS  ${ABSL_DEFAULT_COPTS} 
 DEPS  absl::base absl::config absl::core_headers absl::nullability absl::throw_delegate 
 PUBLIC  
 NAME  strings 
 HDRS  "ascii.h" "charconv.h" "escaping.h" "has_absl_stringify.h" "internal/damerau_levenshtein_distance.h" "internal/string_constant.h" "match.h" "numbers.h" "str_cat.h" "str_join.h" "str_replace.h" "str_split.h" "strip.h" "substitute.h" 
 SRCS  "ascii.cc" "charconv.cc" "escaping.cc" "internal/charconv_bigint.cc" "internal/charconv_bigint.h" "internal/charconv_parse.cc" "internal/charconv_parse.h" "internal/damerau_levenshtein_distance.cc" "internal/memutil.cc" "internal/memutil.h" "internal/stringify_sink.h" "internal/stringify_sink.cc" "internal/stl_type_traits.h" "internal/str_join_internal.h" "internal/str_split_internal.h" "match.cc" "numbers.cc" "str_cat.cc" "str_replace.cc" "str_split.cc" "substitute.cc" 
 COPTS  ${ABSL_DEFAULT_COPTS} 
 DEPS  absl::string_view absl::strings_internal absl::base absl::bits absl::charset absl::config absl::core_headers absl::endian absl::int128 absl::memory absl::nullability absl::raw_logging_internal absl::throw_delegate absl::type_traits 
 PUBLIC  
 NAME  charset 
 HDRS  charset.h 
 COPTS  ${ABSL_DEFAULT_COPTS} 
 DEPS  absl::config absl::string_view 
 PUBLIC  
 NAME  has_ostream_operator 
 HDRS  "has_ostream_operator.h" 
 COPTS  ${ABSL_DEFAULT_COPTS} 
 DEPS  absl::config 
 PUBLIC  
 NAME  strings_internal 
 HDRS  "internal/escaping.cc" "internal/escaping.h" "internal/ostringstream.h" "internal/resize_uninitialized.h" "internal/utf8.h" 
 SRCS  "internal/ostringstream.cc" "internal/utf8.cc" 
 COPTS  ${ABSL_DEFAULT_COPTS} 
 DEPS  absl::config absl::core_headers absl::endian absl::raw_logging_internal absl::type_traits 
 NAME  str_format 
 HDRS  "str_format.h" 
 COPTS  ${ABSL_DEFAULT_COPTS} 
 DEPS  absl::config absl::core_headers absl::nullability absl::span absl::str_format_internal absl::string_view 
 PUBLIC  
 NAME  str_format_internal 
 HDRS  "internal/str_format/arg.h" "internal/str_format/bind.h" "internal/str_format/checker.h" "internal/str_format/constexpr_parser.h" "internal/str_format/extension.h" "internal/str_format/float_conversion.h" "internal/str_format/output.h" "internal/str_format/parser.h" 
 SRCS  "internal/str_format/arg.cc" "internal/str_format/bind.cc" "internal/str_format/extension.cc" "internal/str_format/float_conversion.cc" "internal/str_format/output.cc" "internal/str_format/parser.cc" 
 COPTS  ${ABSL_DEFAULT_COPTS} 
 DEPS  absl::bits absl::strings absl::config absl::core_headers absl::fixed_array absl::inlined_vector absl::numeric_representation absl::type_traits absl::utility absl::int128 absl::span 
 NAME  pow10_helper 
 HDRS  "internal/pow10_helper.h" 
 SRCS  "internal/pow10_helper.cc" 
 COPTS  ${ABSL_TEST_COPTS} 
 DEPS  absl::config 
 TESTONLY  
 NAME  cord_internal 
 HDRS  "internal/cord_data_edge.h" "internal/cord_internal.h" "internal/cord_rep_btree.h" "internal/cord_rep_btree_navigator.h" "internal/cord_rep_btree_reader.h" "internal/cord_rep_crc.h" "internal/cord_rep_consume.h" "internal/cord_rep_flat.h" 
 SRCS  "internal/cord_internal.cc" "internal/cord_rep_btree.cc" "internal/cord_rep_btree_navigator.cc" "internal/cord_rep_btree_reader.cc" "internal/cord_rep_crc.cc" "internal/cord_rep_consume.cc" 
 COPTS  ${ABSL_DEFAULT_COPTS} 
 DEPS  absl::base_internal absl::compressed_tuple absl::config absl::container_memory absl::compare absl::core_headers absl::crc_cord_state absl::endian absl::inlined_vector absl::layout absl::raw_logging_internal absl::strings absl::throw_delegate absl::type_traits 
 NAME  cordz_update_tracker 
 HDRS  "internal/cordz_update_tracker.h" 
 COPTS  ${ABSL_DEFAULT_COPTS} 
 DEPS  absl::config 
 NAME  cordz_functions 
 HDRS  "internal/cordz_functions.h" 
 SRCS  "internal/cordz_functions.cc" 
 COPTS  ${ABSL_DEFAULT_COPTS} 
 DEPS  absl::config absl::core_headers absl::exponential_biased absl::raw_logging_internal 
 NAME  cordz_statistics 
 HDRS  "internal/cordz_statistics.h" 
 COPTS  ${ABSL_DEFAULT_COPTS} 
 DEPS  absl::config absl::core_headers absl::cordz_update_tracker absl::synchronization 
 NAME  cordz_handle 
 HDRS  "internal/cordz_handle.h" 
 SRCS  "internal/cordz_handle.cc" 
 COPTS  ${ABSL_DEFAULT_COPTS} 
 DEPS  absl::base absl::config absl::no_destructor absl::raw_logging_internal absl::synchronization 
 NAME  cordz_info 
 HDRS  "internal/cordz_info.h" 
 SRCS  "internal/cordz_info.cc" 
 COPTS  ${ABSL_DEFAULT_COPTS} 
 DEPS  absl::base absl::config absl::cord_internal absl::cordz_functions absl::cordz_handle absl::cordz_statistics absl::cordz_update_tracker absl::core_headers absl::inlined_vector absl::span absl::raw_logging_internal absl::stacktrace absl::synchronization absl::time 
 NAME  cordz_sample_token 
 HDRS  "internal/cordz_sample_token.h" 
 SRCS  "internal/cordz_sample_token.cc" 
 COPTS  ${ABSL_DEFAULT_COPTS} 
 DEPS  absl::config absl::cordz_handle absl::cordz_info 
 NAME  cordz_update_scope 
 HDRS  "internal/cordz_update_scope.h" 
 COPTS  ${ABSL_DEFAULT_COPTS} 
 DEPS  absl::config absl::cord_internal absl::cordz_info absl::cordz_update_tracker absl::core_headers 
 NAME  cord 
 HDRS  "cord.h" "cord_buffer.h" 
 SRCS  "cord.cc" "cord_analysis.cc" "cord_analysis.h" "cord_buffer.cc" 
 COPTS  ${ABSL_DEFAULT_COPTS} 
 DEPS  absl::base absl::config absl::cord_internal absl::cordz_functions absl::cordz_info absl::cordz_update_scope absl::cordz_update_tracker absl::core_headers absl::crc32c absl::crc_cord_state absl::endian absl::function_ref absl::inlined_vector absl::nullability absl::optional absl::raw_logging_internal absl::span absl::strings absl::type_traits 
 PUBLIC  
 NAME  cord_rep_test_util 
 HDRS  "internal/cord_rep_test_util.h" 
 COPTS  ${ABSL_TEST_COPTS} 
 DEPS  absl::config absl::cord_internal absl::raw_logging_internal absl::strings 
 TESTONLY  
 NAME  cord_test_helpers 
 HDRS  "cord_test_helpers.h" 
 COPTS  ${ABSL_TEST_COPTS} 
 DEPS  absl::config absl::cord absl::cord_internal absl::strings 
 TESTONLY  
 PUBLIC  
 NAME  cordz_test_helpers 
 HDRS  "cordz_test_helpers.h" 
 COPTS  ${ABSL_TEST_COPTS} 
 DEPS  absl::config absl::cord absl::cord_internal absl::cordz_info absl::cordz_sample_token absl::cordz_statistics absl::cordz_update_tracker absl::core_headers absl::nullability absl::strings 
 TESTONLY  
 NAME  status 
 HDRS  "status.h" 
 SRCS  "internal/status_internal.h" "internal/status_internal.cc" "status.cc" "status_payload_printer.h" "status_payload_printer.cc" 
 COPTS  ${ABSL_DEFAULT_COPTS} 
 DEFINES  "$<$<PLATFORM_ID:AIX>:_LINUX_SOURCE_COMPAT>" 
 DEPS  absl::atomic_hook absl::config absl::cord absl::core_headers absl::function_ref absl::inlined_vector absl::leak_check absl::memory absl::no_destructor absl::nullability absl::optional absl::raw_logging_internal absl::span absl::stacktrace absl::str_format absl::strerror absl::strings absl::symbolize 
 PUBLIC  
 NAME  statusor 
 HDRS  "statusor.h" 
 SRCS  "statusor.cc" "internal/statusor_internal.h" 
 COPTS  ${ABSL_DEFAULT_COPTS} 
 DEPS  absl::base absl::config absl::core_headers absl::has_ostream_operator absl::nullability absl::raw_logging_internal absl::status absl::str_format absl::strings absl::type_traits absl::utility absl::variant 
 PUBLIC  
 NAME  status_matchers 
 HDRS  "status_matchers.h" 
 SRCS  "internal/status_matchers.h" "internal/status_matchers.cc" 
 COPTS  ${ABSL_DEFAULT_COPTS} 
 LINKOPTS  ${ABSL_DEFAULT_LINKOPTS} 
 DEPS  absl::base absl::status absl::statusor absl::strings GTest::gmock GTest::gtest 
 PUBLIC  
 TESTONLY  scons: done reading SConscript files.
scons: Building targets ...
scons: `.' is up to date.
scons: done building targets.
